// Jest Snapshot v1, https://goo.gl/fbAQLP

exports[`Header renders the heading 1`] = `
<div
  className="container"
>
  <header
    className="d-flex flex-wrap justify-content-center py-3 mb-4 border-bottom"
  >
    <a
      className="d-flex align-items-center mb-3 mb-md-0 me-md-auto text-dark text-decoration-none"
      href="/"
    >
      <i
        className="fas fa-utensils fa-2x"
        style={
          Object {
            "paddingRight": "15px",
          }
        }
      />
      <span
        className="fs-4"
      >
        Food Platform
      </span>
    </a>
    <ul
      className="nav nav-pills"
    >
      <li
        className="nav-item"
      >
        <i
          className="fas fa-shopping-basket fa-2x"
        />
      </li>
    </ul>
  </header>
</div>
`;
