// Jest Snapshot v1, https://goo.gl/fbAQLP

exports[`RestaurantList should don't show RestaurantCard 1`] = `
<div
  className="row row-cols-1 row-cols-md-3 g-4"
/>
`;

exports[`RestaurantList should show RestaurantCard 1`] = `
<div
  className="row row-cols-1 row-cols-md-3 g-4"
>
  <RestaurantCard
    address="Av. Nome da avenida, 123"
    description="Pizza Hut é uma cadeia de restaurantes e franquias especializada em pizzas e massas. Com sede na cidade de Plano, no Texas, a Pizza Hut é a maior cadeia de pizzarias do mundo, com quase 15 mil restaurantes e quiosques em mais de 130 países. Possui 95 restaurantes no Brasil e 91 em Portugal."
    logo="https://pbs.twimg.com/profile_images/1333417326704791553/Mm0bj3oN.jpg"
    name="Pizza Hut"
    uuid="cbb9c2bd-abde-48a3-891a-6229fc9b7c2f"
  />
  <RestaurantCard
    address="Av. Nome da outra avenida, 789"
    description="Pizzaria reúne ingredientes clássicos e sofisticados e muito burburinho e aconchego frente aos fornos à lenha."
    logo="https://encrypted-tbn0.gstatic.com/images?q=tbn:ANd9GcSwwg9Nscz6dkUtIpPUB0u1tAxfZmJcmcfGTA&usqp=CAU"
    name="Bráz Pizzaria"
    uuid="23e0211c-19ea-47ee-b98e-77e023e1a95f"
  />
  <RestaurantCard
    address="Rua Nome da rua, 654"
    description="Domino's Pizza é uma empresa de alimentação baseada em pizzas. Atualmente, é a maior rede de entregas de pizzas do mundo, com 13.000 lojas em 83 países"
    logo="https://encrypted-tbn0.gstatic.com/images?q=tbn:ANd9GcQd7Ow6kgZoZk4h4oybgOkRJf6LZ_NLpBhfRA&usqp=CAU"
    name="Domino's Pizza"
    uuid="36159a9b-f4d0-4f52-8d0f-3cd0dc702c1c"
  />
</div>
`;
