// Jest Snapshot v1, https://goo.gl/fbAQLP

exports[`Main renders the main 1`] = `
<Fragment>
  <div
    className="container"
  >
    <div
      className="row"
    >
      <div
        className="col-6 col-md-4"
      >
        <RestaurantCategoryContainer />
      </div>
    </div>
  </div>
  <br />
  <div
    className="container"
  >
    <div
      className="row"
    >
      <div
        className="col-8 col-md-12"
      >
        <RestaurantList />
      </div>
    </div>
  </div>
</Fragment>
`;
